led_display.c:10:6:display7SEG_TopToBottom	16	static
led_display.c:111:6:display7SEG_LeftToRight	16	static
led_display.c:208:6:displayTopToBottomLED	16	static
led_display.c:235:6:displayLeftToRightLED	16	static
led_display.c:262:6:toggleLeds	16	static
led_display.c:293:6:enable0	8	static
led_display.c:298:6:enable1	8	static
led_display.c:303:6:enable2	8	static
led_display.c:308:6:enable3	8	static
led_display.c:313:6:showTimeDelay_First	16	static
led_display.c:320:6:showTimeDelay_Second	16	static
